lucky@lucky-ThinkPad-Edge-E130:~/Desktop/hero$ git init
hint: Using 'master' as the name for the initial branch. This default branch name
hint: is subject to change. To configure the initial branch name to use in all
hint: of your new repositories, which will suppress this warning, call:
hint: 
hint: 	git config --global init.defaultBranch <name>
hint: 
hint: Names commonly chosen instead of 'master' are 'main', 'trunk' and
hint: 'development'. The just-created branch can be renamed via this command:
hint: 
hint: 	git branch -m <name>
Initialized empty Git repository in /home/lucky/Desktop/hero/.git/
lucky@lucky-ThinkPad-Edge-E130:~/Desktop/hero$ git init
Reinitialized existing Git repository in /home/lucky/Desktop/hero/.git/
lucky@lucky-ThinkPad-Edge-E130:~/Desktop/hero$ git status
On branch master

No commits yet

Untracked files:
  (use "git add <file>..." to include in what will be committed)
	hero.txt

nothing added to commit but untracked files present (use "git add" to track)
lucky@lucky-ThinkPad-Edge-E130:~/Desktop/hero$ git add hero.txt
lucky@lucky-ThinkPad-Edge-E130:~/Desktop/hero$ git status
On branch master

No commits yet

Changes to be committed:
  (use "git rm --cached <file>..." to unstage)
	new file:   hero.txt

lucky@lucky-ThinkPad-Edge-E130:~/Desktop/hero$ git commit -m "first commit"
[master (root-commit) e5a66c8] first commit
 1 file changed, 1 insertion(+)
 create mode 100644 hero.txt
lucky@lucky-ThinkPad-Edge-E130:~/Desktop/hero$ git commit -m "first commit"
On branch master
nothing to commit, working tree clean
lucky@lucky-ThinkPad-Edge-E130:~/Desktop/hero$ git config user.email
3ddrawing786@gmail.com
lucky@lucky-ThinkPad-Edge-E130:~/Desktop/hero$ git config user.name
lucky
lucky@lucky-ThinkPad-Edge-E130:~/Desktop/hero$ git config --global user.name "lucky786668"
lucky@lucky-ThinkPad-Edge-E130:~/Desktop/hero$ git config --global user.name
lucky786668
lucky@lucky-ThinkPad-Edge-E130:~/Desktop/hero$ git branch -M main
lucky@lucky-ThinkPad-Edge-E130:~/Desktop/hero$ git remote add origin https://github.com/lucky78668/code.git
lucky@lucky-ThinkPad-Edge-E130:~/Desktop/hero$ git push -u origin main
Username for 'https://github.com': lucky786668
Password for 'https://lucky786668@github.com': 
remote: Support for password authentication was removed on August 13, 2021.
remote: Please see https://docs.github.com/en/get-started/getting-started-with-git/about-remote-repositories#cloning-with-https-urls for information on currently recommended modes of authentication.
fatal: Authentication failed for 'https://github.com/lucky78668/code.git/'
lucky@lucky-ThinkPad-Edge-E130:~/Desktop/hero$ git push -u origin main
Username for 'https://github.com': lucky786668
Password for 'https://lucky786668@github.com': 
remote: Support for password authentication was removed on August 13, 2021.
remote: Please see https://docs.github.com/en/get-started/getting-started-with-git/about-remote-repositories#cloning-with-https-urls for information on currently recommended modes of authentication.
fatal: Authentication failed for 'https://github.com/lucky78668/code.git/'
lucky@lucky-ThinkPad-Edge-E130:~/Desktop/hero$ git push -u origin main
Username for 'https://github.com': lucky786668
Password for 'https://lucky786668@github.com': 
Enumerating objects: 3, done.
Counting objects: 100% (3/3), done.
Writing objects: 100% (3/3), 252 bytes | 19.00 KiB/s, done.
Total 3 (delta 0), reused 0 (delta 0), pack-reused 0
To https://github.com/lucky78668/code.git
 * [new branch]      main -> main
branch 'main' set up to track 'origin/main'.
lucky@lucky-ThinkPad-Edge-E130:~/Desktop/hero$ git branch hero
lucky@lucky-ThinkPad-Edge-E130:~/Desktop/hero$ git status
On branch main
Your branch is up to date with 'origin/main'.

nothing to commit, working tree clean
lucky@lucky-ThinkPad-Edge-E130:~/Desktop/hero$ git branch -m hero
fatal: a branch named 'hero' already exists
lucky@lucky-ThinkPad-Edge-E130:~/Desktop/hero$ git branch 
  hero
* main
lucky@lucky-ThinkPad-Edge-E130:~/Desktop/hero$ git checkout
Your branch is up to date with 'origin/main'.
lucky@lucky-ThinkPad-Edge-E130:~/Desktop/hero$ git checkout hero
Switched to branch 'hero'
lucky@lucky-ThinkPad-Edge-E130:~/Desktop/hero$ touch luckyy
lucky@lucky-ThinkPad-Edge-E130:~/Desktop/hero$ ls
hero.txt  luckyy
lucky@lucky-ThinkPad-Edge-E130:~/Desktop/hero$ git status
On branch hero
Untracked files:
  (use "git add <file>..." to include in what will be committed)
	luckyy

nothing added to commit but untracked files present (use "git add" to track)
lucky@lucky-ThinkPad-Edge-E130:~/Desktop/hero$ add luckyy
git hCommand 'add' not found, did you mean:
  command 'hadd' from snap root-framework (v6-28-04)
  command 'and' from deb and (1.2.2-4.2)
  command 'adr' from deb adr-tools (3.0.0-2)
  command 'ldd' from deb libc-bin (2.35-0ubuntu3)
  command 'atd' from deb at (3.2.5-1ubuntu1)
  command 'pdd' from deb pdd (1.5-1)
  command 'ddd' from deb ddd (1:3.3.12-5.3build1)
  command 'adb' from deb adb (1:29.0.6-18ubuntu1)
  command 'ad' from deb netatalk (3.1.13~ds-2ubuntu0.22.10.1)
  command 'aid' from deb id-utils (4.6.28-20200521ss15dab)
  command 'dd' from deb coreutils (8.32-4.1ubuntu1)
  command 'axd' from deb afnix (3.5.0-3)
  command 'tdd' from deb devtodo (0.1.20+git20200830.0ad52b0-1)
See 'snap info <snapname>' for additional versions.
lucky@lucky-ThinkPad-Edge-E130:~/Desktop/hero$ git status
On branch hero
Untracked files:
  (use "git add <file>..." to include in what will be committed)
	luckyy

nothing added to commit but untracked files present (use "git add" to track)
lucky@lucky-ThinkPad-Edge-E130:~/Desktop/hero$ git add luckyy
lucky@lucky-ThinkPad-Edge-E130:~/Desktop/hero$ 
lucky@lucky-ThinkPad-Edge-E130:~/Desktop/hero$ git add luckyy 
lucky@lucky-ThinkPad-Edge-E130:~/Desktop/hero$ git status
On branch hero
Changes to be committed:
  (use "git restore --staged <file>..." to unstage)
	new file:   luckyy

lucky@lucky-ThinkPad-Edge-E130:~/Desktop/hero$ git commit -m "add new file "
[hero 0c4dcc3] add new file
 1 file changed, 0 insertions(+), 0 deletions(-)
 create mode 100644 luckyy
lucky@lucky-ThinkPad-Edge-E130:~/Desktop/hero$ git push
fatal: The current branch hero has no upstream branch.
To push the current branch and set the remote as upstream, use

    git push --set-upstream origin hero

To have this happen automatically for branches without a tracking
upstream, see 'push.autoSetupRemote' in 'git help config'.

lucky@lucky-ThinkPad-Edge-E130:~/Desktop/hero$     git push --set-upstream origin hero
Username for 'https://github.com': lucky786668
Password for 'https://lucky786668@github.com': 
To https://github.com/lucky78668/code.git
 ! [rejected]        hero -> hero (fetch first)
error: failed to push some refs to 'https://github.com/lucky78668/code.git'
hint: Updates were rejected because the remote contains work that you do
hint: not have locally. This is usually caused by another repository pushing
hint: to the same ref. You may want to first integrate the remote changes
hint: (e.g., 'git pull ...') before pushing again.
hint: See the 'Note about fast-forwards' in 'git push --help' for details.
lucky@lucky-ThinkPad-Edge-E130:~/Desktop/hero$ git pull 
remote: Enumerating objects: 6, done.
remote: Counting objects: 100% (6/6), done.
remote: Compressing objects: 100% (3/3), done.
remote: Total 4 (delta 0), reused 0 (delta 0), pack-reused 0
Unpacking objects: 100% (4/4), 1.28 KiB | 437.00 KiB/s, done.
From https://github.com/lucky78668/code
 * [new branch]      hero       -> origin/hero
   e5a66c8..5e81b2f  main       -> origin/main
There is no tracking information for the current branch.
Please specify which branch you want to merge with.
See git-pull(1) for details.

    git pull <remote> <branch>

If you wish to set tracking information for this branch you can do so with:

    git branch --set-upstream-to=origin/<branch> hero

lucky@lucky-ThinkPad-Edge-E130:~/Desktop/hero$ git pull remote origin hero
fatal: 'remote' does not appear to be a git repository
fatal: Could not read from remote repository.

Please make sure you have the correct access rights
and the repository exists.
lucky@lucky-ThinkPad-Edge-E130:~/Desktop/hero$ git pull origin hero
From https://github.com/lucky78668/code
 * branch            hero       -> FETCH_HEAD
hint: You have divergent branches and need to specify how to reconcile them.
hint: You can do so by running one of the following commands sometime before
hint: your next pull:
hint: 
hint:   git config pull.rebase false  # merge
hint:   git config pull.rebase true   # rebase
hint:   git config pull.ff only       # fast-forward only
hint: 
hint: You can replace "git config" with "git config --global" to set a default
hint: preference for all repositories. You can also pass --rebase, --no-rebase,
hint: or --ff-only on the command line to override the configured default per
hint: invocation.
fatal: Need to specify how to reconcile divergent branches.
lucky@lucky-ThinkPad-Edge-E130:~/Desktop/hero$  git config pull.rebase false
lucky@lucky-ThinkPad-Edge-E130:~/Desktop/hero$ git pull
There is no tracking information for the current branch.
Please specify which branch you want to merge with.
See git-pull(1) for details.

    git pull <remote> <branch>

If you wish to set tracking information for this branch you can do so with:

    git branch --set-upstream-to=origin/<branch> hero

lucky@lucky-ThinkPad-Edge-E130:~/Desktop/hero$ git pull origin hero
From https://github.com/lucky78668/code
 * branch            hero       -> FETCH_HEAD
Merge made by the 'ort' strategy.
 hero.txt | 1 +
 1 file changed, 1 insertion(+)
lucky@lucky-ThinkPad-Edge-E130:~/Desktop/hero$ git push
fatal: The current branch hero has no upstream branch.
To push the current branch and set the remote as upstream, use

    git push --set-upstream origin hero

To have this happen automatically for branches without a tracking
upstream, see 'push.autoSetupRemote' in 'git help config'.

lucky@lucky-ThinkPad-Edge-E130:~/Desktop/hero$  git push --set-upstream origin hero
Username for 'https://github.com': luck
Password for 'https://luck@github.com': 
Enumerating objects: 7, done.
Counting objects: 100% (7/7), done.
Delta compression using up to 4 threads
Compressing objects: 100% (4/4), done.
Writing objects: 100% (5/5), 572 bytes | 572.00 KiB/s, done.
Total 5 (delta 0), reused 0 (delta 0), pack-reused 0
To https://github.com/lucky78668/code.git
   93c79e2..eda438b  hero -> hero
branch 'hero' set up to track 'origin/hero'.
lucky@lucky-ThinkPad-Edge-E130:~/Desktop/hero$ code .
lucky@lucky-ThinkPad-Edge-E130:~/Desktop/hero$ ^C
lucky@lucky-ThinkPad-Edge-E130:~/Desktop/hero$ 
